---------------------------------------------------------------------------------------------------
Date: 10/5/2026 -- 13:21:28 (uptime: 0d, 00h 00m 32s)
---------------------------------------------------------------------------------------------------
Counter                                                      | TM Name                   | Value
---------------------------------------------------------------------------------------------------
capture.kernel_packets                                       | Total                     | 109
capture.afpacket.polls                                       | Total                     | 60
capture.afpacket.poll_timeout                                | Total                     | 48
capture.afpacket.poll_data                                   | Total                     | 12
decoder.pkts                                                 | Total                     | 109
decoder.bytes                                                | Total                     | 15168
decoder.ipv4                                                 | Total                     | 109
decoder.ethernet                                             | Total                     | 109
decoder.tcp                                                  | Total                     | 109
tcp.syn                                                      | Total                     | 12
tcp.synack                                                   | Total                     | 12
decoder.avg_pkt_size                                         | Total                     | 139
decoder.max_pkt_size                                         | Total                     | 741
tcp.active_sessions                                          | Total                     | 12
flow.total                                                   | Total                     | 12
flow.active                                                  | Total                     | 12
flow.tcp                                                     | Total                     | 12
flow.wrk.spare_sync_avg                                      | Total                     | 100
flow.wrk.spare_sync                                          | Total                     | 1
tcp.sessions                                                 | Total                     | 12
tcp.ssn_from_pool                                            | Total                     | 12
tcp.segment_from_pool                                        | Total                     | 24
detect.alerts_suppressed                                     | Total                     | 12
app_layer.flow.http                                          | Total                     | 12
app_layer.tx.http                                            | Total                     | 12
flow.mgr.rows_per_sec                                        | Total                     | 6553
flow.spare                                                   | Total                     | 9900
flow.mgr.rows_maxlen                                         | Total                     | 1
flow.mgr.flows_checked                                       | Total                     | 2
flow.mgr.flows_notimeout                                     | Total                     | 2
memcap.pressure                                              | Total                     | 5
memcap.pressure_max                                          | Total                     | 5
defrag.memuse                                                | Total                     | 12582768
tcp.memuse                                                   | Total                     | 622592
tcp.reassembly_memuse                                        | Total                     | 184320
http.memuse                                                  | Total                     | 5712
http.byterange.memuse                                        | Total                     | 168384
http.byterange.memcap                                        | Total                     | 104857600
ippair.memuse                                                | Total                     | 398144
ippair.memcap                                                | Total                     | 16777216
host.memuse                                                  | Total                     | 382144
host.memcap                                                  | Total                     | 33554432
detect.thresholds.cache.memuse                               | Total                     | 2184
flow.memuse                                                  | Total                     | 7234304
---------------------------------------------------------------------------------------------------
Date: 10/5/2026 -- 13:21:36 (uptime: 0d, 00h 00m 40s)
---------------------------------------------------------------------------------------------------
Counter                                                      | TM Name                   | Value
---------------------------------------------------------------------------------------------------
capture.kernel_packets                                       | Total                     | 304
capture.afpacket.polls                                       | Total                     | 160
capture.afpacket.poll_timeout                                | Total                     | 128
capture.afpacket.poll_data                                   | Total                     | 32
decoder.pkts                                                 | Total                     | 304
decoder.bytes                                                | Total                     | 39697
decoder.ipv4                                                 | Total                     | 304
decoder.ethernet                                             | Total                     | 304
decoder.tcp                                                  | Total                     | 304
tcp.syn                                                      | Total                     | 32
tcp.synack                                                   | Total                     | 32
decoder.avg_pkt_size                                         | Total                     | 130
decoder.max_pkt_size                                         | Total                     | 741
tcp.active_sessions                                          | Total                     | 32
flow.total                                                   | Total                     | 32
flow.active                                                  | Total                     | 32
flow.tcp                                                     | Total                     | 32
flow.wrk.spare_sync_avg                                      | Total                     | 100
flow.wrk.spare_sync                                          | Total                     | 1
tcp.sessions                                                 | Total                     | 32
tcp.ssn_from_pool                                            | Total                     | 32
tcp.segment_from_pool                                        | Total                     | 64
detect.alert                                                 | Total                     | 31
detect.alerts_suppressed                                     | Total                     | 32
app_layer.flow.http                                          | Total                     | 32
app_layer.tx.http                                            | Total                     | 32
flow.mgr.full_hash_pass                                      | Total                     | 1
flow.mgr.rows_per_sec                                        | Total                     | 6553
flow.spare                                                   | Total                     | 9900
flow.mgr.rows_maxlen                                         | Total                     | 1
flow.mgr.flows_checked                                       | Total                     | 26
flow.mgr.flows_notimeout                                     | Total                     | 26
memcap.pressure                                              | Total                     | 5
memcap.pressure_max                                          | Total                     | 5
defrag.memuse                                                | Total                     | 12582768
tcp.memuse                                                   | Total                     | 622592
tcp.reassembly_memuse                                        | Total                     | 245760
http.memuse                                                  | Total                     | 10752
http.byterange.memuse                                        | Total                     | 168384
http.byterange.memcap                                        | Total                     | 104857600
ippair.memuse                                                | Total                     | 398144
ippair.memcap                                                | Total                     | 16777216
host.memuse                                                  | Total                     | 382144
host.memcap                                                  | Total                     | 33554432
detect.thresholds.cache.memuse                               | Total                     | 2184
flow.memuse                                                  | Total                     | 7234304
---------------------------------------------------------------------------------------------------
Date: 10/5/2026 -- 13:21:44 (uptime: 0d, 00h 00m 48s)
---------------------------------------------------------------------------------------------------
Counter                                                      | TM Name                   | Value
---------------------------------------------------------------------------------------------------
capture.kernel_packets                                       | Total                     | 304
capture.afpacket.polls                                       | Total                     | 249
capture.afpacket.poll_timeout                                | Total                     | 217
capture.afpacket.poll_data                                   | Total                     | 32
decoder.pkts                                                 | Total                     | 304
decoder.bytes                                                | Total                     | 39697
decoder.ipv4                                                 | Total                     | 304
decoder.ethernet                                             | Total                     | 304
decoder.tcp                                                  | Total                     | 304
tcp.syn                                                      | Total                     | 32
tcp.synack                                                   | Total                     | 32
decoder.avg_pkt_size                                         | Total                     | 130
decoder.max_pkt_size                                         | Total                     | 741
tcp.active_sessions                                          | Total                     | 32
flow.total                                                   | Total                     | 32
flow.active                                                  | Total                     | 32
flow.tcp                                                     | Total                     | 32
flow.wrk.spare_sync_avg                                      | Total                     | 100
flow.wrk.spare_sync                                          | Total                     | 1
tcp.sessions                                                 | Total                     | 32
tcp.ssn_from_pool                                            | Total                     | 32
tcp.segment_from_pool                                        | Total                     | 64
detect.alert                                                 | Total                     | 31
detect.alerts_suppressed                                     | Total                     | 32
app_layer.flow.http                                          | Total                     | 32
app_layer.tx.http                                            | Total                     | 32
flow.mgr.full_hash_pass                                      | Total                     | 2
flow.mgr.rows_per_sec                                        | Total                     | 6553
flow.spare                                                   | Total                     | 9900
flow.mgr.rows_maxlen                                         | Total                     | 1
flow.mgr.flows_checked                                       | Total                     | 32
flow.mgr.flows_notimeout                                     | Total                     | 32
memcap.pressure                                              | Total                     | 5
memcap.pressure_max                                          | Total                     | 5
defrag.memuse                                                | Total                     | 12582768
tcp.memuse                                                   | Total                     | 622592
tcp.reassembly_memuse                                        | Total                     | 245760
http.memuse                                                  | Total                     | 10752
http.byterange.memuse                                        | Total                     | 168384
http.byterange.memcap                                        | Total                     | 104857600
ippair.memuse                                                | Total                     | 398144
ippair.memcap                                                | Total                     | 16777216
host.memuse                                                  | Total                     | 382144
host.memcap                                                  | Total                     | 33554432
detect.thresholds.cache.memuse                               | Total                     | 2184
flow.memuse                                                  | Total                     | 7234304
---------------------------------------------------------------------------------------------------
Date: 10/5/2026 -- 13:21:52 (uptime: 0d, 00h 00m 56s)
---------------------------------------------------------------------------------------------------
Counter                                                      | TM Name                   | Value
---------------------------------------------------------------------------------------------------
capture.kernel_packets                                       | Total                     | 557
capture.afpacket.polls                                       | Total                     | 320
capture.afpacket.poll_timeout                                | Total                     | 272
capture.afpacket.poll_data                                   | Total                     | 48
decoder.pkts                                                 | Total                     | 557
decoder.bytes                                                | Total                     | 66388
decoder.ipv4                                                 | Total                     | 556
decoder.ethernet                                             | Total                     | 557
decoder.unknown_ethertype                                    | Total                     | 1
decoder.tcp                                                  | Total                     | 556
tcp.syn                                                      | Total                     | 134
tcp.synack                                                   | Total                     | 36
tcp.rst                                                      | Total                     | 100
decoder.avg_pkt_size                                         | Total                     | 119
decoder.max_pkt_size                                         | Total                     | 1634
tcp.active_sessions                                          | Total                     | 134
flow.total                                                   | Total                     | 134
flow.active                                                  | Total                     | 134
flow.tcp                                                     | Total                     | 134
flow.wrk.spare_sync_avg                                      | Total                     | 100
flow.wrk.spare_sync                                          | Total                     | 2
decoder.event.ethernet.unknown_ethertype                     | Total                     | 1
tcp.sessions                                                 | Total                     | 134
tcp.ssn_from_pool                                            | Total                     | 134
tcp.pseudo                                                   | Total                     | 4
tcp.segment_from_pool                                        | Total                     | 91
detect.alert                                                 | Total                     | 121
detect.alerts_suppressed                                     | Total                     | 60
app_layer.flow.http                                          | Total                     | 32
app_layer.tx.http                                            | Total                     | 32
app_layer.flow.ssh                                           | Total                     | 2
flow.mgr.full_hash_pass                                      | Total                     | 3
flow.mgr.rows_per_sec                                        | Total                     | 6553
flow.spare                                                   | Total                     | 9800
flow.mgr.rows_maxlen                                         | Total                     | 1
flow.mgr.flows_checked                                       | Total                     | 83
flow.mgr.flows_notimeout                                     | Total                     | 83
memcap.pressure                                              | Total                     | 5
memcap.pressure_max                                          | Total                     | 5
defrag.memuse                                                | Total                     | 12582768
tcp.memuse                                                   | Total                     | 622592
tcp.reassembly_memuse                                        | Total                     | 270336
http.memuse                                                  | Total                     | 10752
http.byterange.memuse                                        | Total                     | 168384
http.byterange.memcap                                        | Total                     | 104857600
ippair.memuse                                                | Total                     | 398144
ippair.memcap                                                | Total                     | 16777216
host.memuse                                                  | Total                     | 382144
host.memcap                                                  | Total                     | 33554432
detect.thresholds.cache.memuse                               | Total                     | 2184
flow.memuse                                                  | Total                     | 7234304
---------------------------------------------------------------------------------------------------
Date: 10/5/2026 -- 13:22:00 (uptime: 0d, 00h 01m 04s)
---------------------------------------------------------------------------------------------------
Counter                                                      | TM Name                   | Value
---------------------------------------------------------------------------------------------------
capture.kernel_packets                                       | Total                     | 640
capture.afpacket.polls                                       | Total                     | 426
capture.afpacket.poll_timeout                                | Total                     | 354
capture.afpacket.poll_data                                   | Total                     | 72
decoder.pkts                                                 | Total                     | 640
decoder.bytes                                                | Total                     | 89644
decoder.ipv4                                                 | Total                     | 639
decoder.ethernet                                             | Total                     | 640
decoder.unknown_ethertype                                    | Total                     | 1
decoder.tcp                                                  | Total                     | 639
tcp.syn                                                      | Total                     | 137
tcp.synack                                                   | Total                     | 39
tcp.rst                                                      | Total                     | 100
decoder.avg_pkt_size                                         | Total                     | 140
decoder.max_pkt_size                                         | Total                     | 1634
tcp.active_sessions                                          | Total                     | 137
flow.total                                                   | Total                     | 137
flow.active                                                  | Total                     | 137
flow.tcp                                                     | Total                     | 137
flow.wrk.spare_sync_avg                                      | Total                     | 100
flow.wrk.spare_sync                                          | Total                     | 2
decoder.event.ethernet.unknown_ethertype                     | Total                     | 1
tcp.sessions                                                 | Total                     | 137
tcp.ssn_from_pool                                            | Total                     | 137
tcp.pseudo                                                   | Total                     | 10
tcp.segment_from_pool                                        | Total                     | 133
detect.alert                                                 | Total                     | 124
detect.alerts_suppressed                                     | Total                     | 66
app_layer.flow.http                                          | Total                     | 32
app_layer.tx.http                                            | Total                     | 32
app_layer.flow.ssh                                           | Total                     | 5
flow.mgr.full_hash_pass                                      | Total                     | 3
flow.mgr.rows_per_sec                                        | Total                     | 6553
flow.spare                                                   | Total                     | 9800
flow.mgr.rows_maxlen                                         | Total                     | 1
flow.mgr.flows_checked                                       | Total                     | 136
flow.mgr.flows_notimeout                                     | Total                     | 136
memcap.pressure                                              | Total                     | 5
memcap.pressure_max                                          | Total                     | 5
defrag.memuse                                                | Total                     | 12582768
tcp.memuse                                                   | Total                     | 622592
tcp.reassembly_memuse                                        | Total                     | 286720
http.memuse                                                  | Total                     | 10752
http.byterange.memuse                                        | Total                     | 168384
http.byterange.memcap                                        | Total                     | 104857600
ippair.memuse                                                | Total                     | 398144
ippair.memcap                                                | Total                     | 16777216
host.memuse                                                  | Total                     | 382144
host.memcap                                                  | Total                     | 33554432
detect.thresholds.cache.memuse                               | Total                     | 2272
flow.memuse                                                  | Total                     | 7234304
---------------------------------------------------------------------------------------------------
Date: 10/5/2026 -- 13:22:08 (uptime: 0d, 00h 01m 12s)
---------------------------------------------------------------------------------------------------
Counter                                                      | TM Name                   | Value
---------------------------------------------------------------------------------------------------
capture.kernel_packets                                       | Total                     | 696
capture.afpacket.polls                                       | Total                     | 498
capture.afpacket.poll_timeout                                | Total                     | 408
capture.afpacket.poll_data                                   | Total                     | 90
decoder.pkts                                                 | Total                     | 696
decoder.bytes                                                | Total                     | 105336
decoder.ipv4                                                 | Total                     | 695
decoder.ethernet                                             | Total                     | 696
decoder.unknown_ethertype                                    | Total                     | 1
decoder.tcp                                                  | Total                     | 695
tcp.syn                                                      | Total                     | 139
tcp.synack                                                   | Total                     | 41
tcp.rst                                                      | Total                     | 100
decoder.avg_pkt_size                                         | Total                     | 151
decoder.max_pkt_size                                         | Total                     | 1634
tcp.active_sessions                                          | Total                     | 139
flow.total                                                   | Total                     | 139
flow.active                                                  | Total                     | 139
flow.tcp                                                     | Total                     | 139
flow.wrk.spare_sync_avg                                      | Total                     | 100
flow.wrk.spare_sync                                          | Total                     | 2
decoder.event.ethernet.unknown_ethertype                     | Total                     | 1
tcp.sessions                                                 | Total                     | 139
tcp.ssn_from_pool                                            | Total                     | 139
tcp.pseudo                                                   | Total                     | 14
tcp.segment_from_pool                                        | Total                     | 161
detect.alert                                                 | Total                     | 126
detect.alerts_suppressed                                     | Total                     | 70
app_layer.flow.http                                          | Total                     | 32
app_layer.tx.http                                            | Total                     | 32
app_layer.flow.ssh                                           | Total                     | 7
flow.mgr.full_hash_pass                                      | Total                     | 4
flow.mgr.rows_per_sec                                        | Total                     | 6553
flow.spare                                                   | Total                     | 9800
flow.mgr.rows_maxlen                                         | Total                     | 1
flow.mgr.flows_checked                                       | Total                     | 141
flow.mgr.flows_notimeout                                     | Total                     | 141
memcap.pressure                                              | Total                     | 5
memcap.pressure_max                                          | Total                     | 5
defrag.memuse                                                | Total                     | 12582768
tcp.memuse                                                   | Total                     | 622592
tcp.reassembly_memuse                                        | Total                     | 311296
http.memuse                                                  | Total                     | 10752
http.byterange.memuse                                        | Total                     | 168384
http.byterange.memcap                                        | Total                     | 104857600
ippair.memuse                                                | Total                     | 398144
ippair.memcap                                                | Total                     | 16777216
host.memuse                                                  | Total                     | 382144
host.memcap                                                  | Total                     | 33554432
detect.thresholds.cache.memuse                               | Total                     | 2272
flow.memuse                                                  | Total                     | 7234304
---------------------------------------------------------------------------------------------------
Date: 10/5/2026 -- 13:22:16 (uptime: 0d, 00h 01m 20s)
---------------------------------------------------------------------------------------------------
Counter                                                      | TM Name                   | Value
---------------------------------------------------------------------------------------------------
capture.kernel_packets                                       | Total                     | 727
capture.afpacket.polls                                       | Total                     | 595
capture.afpacket.poll_timeout                                | Total                     | 495
capture.afpacket.poll_data                                   | Total                     | 100
decoder.pkts                                                 | Total                     | 727
decoder.bytes                                                | Total                     | 113432
decoder.ipv4                                                 | Total                     | 726
decoder.ethernet                                             | Total                     | 727
decoder.unknown_ethertype                                    | Total                     | 1
decoder.tcp                                                  | Total                     | 726
tcp.syn                                                      | Total                     | 140
tcp.synack                                                   | Total                     | 42
tcp.rst                                                      | Total                     | 100
decoder.avg_pkt_size                                         | Total                     | 156
decoder.max_pkt_size                                         | Total                     | 1634
tcp.active_sessions                                          | Total                     | 140
flow.total                                                   | Total                     | 140
flow.active                                                  | Total                     | 140
flow.tcp                                                     | Total                     | 140
flow.wrk.spare_sync_avg                                      | Total                     | 100
flow.wrk.spare_sync                                          | Total                     | 2
decoder.event.ethernet.unknown_ethertype                     | Total                     | 1
tcp.sessions                                                 | Total                     | 140
tcp.ssn_from_pool                                            | Total                     | 140
tcp.pseudo                                                   | Total                     | 16
tcp.segment_from_pool                                        | Total                     | 176
detect.alert                                                 | Total                     | 127
detect.alerts_suppressed                                     | Total                     | 72
app_layer.flow.http                                          | Total                     | 32
app_layer.tx.http                                            | Total                     | 32
app_layer.flow.ssh                                           | Total                     | 8
flow.mgr.full_hash_pass                                      | Total                     | 5
flow.mgr.rows_per_sec                                        | Total                     | 6553
flow.spare                                                   | Total                     | 9800
flow.mgr.rows_maxlen                                         | Total                     | 1
flow.mgr.flows_checked                                       | Total                     | 142
flow.mgr.flows_notimeout                                     | Total                     | 142
memcap.pressure                                              | Total                     | 5
memcap.pressure_max                                          | Total                     | 5
defrag.memuse                                                | Total                     | 12582768
tcp.memuse                                                   | Total                     | 622592
tcp.reassembly_memuse                                        | Total                     | 311296
http.memuse                                                  | Total                     | 10752
http.byterange.memuse                                        | Total                     | 168384
http.byterange.memcap                                        | Total                     | 104857600
ippair.memuse                                                | Total                     | 398144
ippair.memcap                                                | Total                     | 16777216
host.memuse                                                  | Total                     | 382144
host.memcap                                                  | Total                     | 33554432
detect.thresholds.cache.memuse                               | Total                     | 2272
flow.memuse                                                  | Total                     | 7234304
