2026-10-05 13:16:20,181 INFO provided_app: crypto init: master=MP-D3DCF1DC5D05 key=29c140f092a6c5d7f8f42a577ae913f236770c4fffbb247678f57745a06c51c4
2026-10-05 13:16:20,182 INFO provided_app: PUT rev=301012675 id=doc1 kind=secret value=CARD-13AC7B223594
2026-10-05 13:16:20,182 INFO provided_app: PUT rev=64350416 id=pwd1 kind=password value=PWD-C8253B26678C
2026-10-05 13:16:20,182 INFO provided_app: PUT rev=715941416 id=note1 kind=public value=NOTE-PUBLIC-65E178C1
2026-10-05 13:16:20,182 INFO provided_app: PUT rev=12963025 id=doc2 kind=secret value=CARD-0A083E23B5A5
2026-10-05 13:16:20,260 INFO provided_app: PUT rev=877838488 id=doc1 kind=secret value=CARD-528C8A5B4C69
2026-10-05 13:16:20,337 INFO provided_app: DELETE rev=75851846 id=doc1 kind=secret
2026-10-05 13:16:20,337 INFO provided_app: DELETE rev=473516441 id=doc2 kind=secret
2026-10-05 13:16:20,337 INFO provided_app: DELETE rev=779514216 id=pwd1 kind=password
2026-10-05 13:16:20,773 INFO provided_app: crypto init: master=MP-D3DCF1DC5D05 key=52a5ca4bf6dbc37c9dceb603b93bccc1994a9e970bacce112fc0e5d86ab6d8fc
2026-10-05 13:16:20,773 INFO provided_app: PUT rev=50682431 id=s1 kind=secret value=setup-secret
2026-10-05 13:16:20,773 INFO provided_app: PUT rev=440783278 id=dup_id kind=secret value=setup-dup
2026-10-05 13:16:20,801 INFO provided_app: crypto init: master=MP-D3DCF1DC5D05 key=73d6220a51e8818bc7f92697fb0d1e8207ced85ce22b9d3826fffd3d55a0e13c
2026-10-05 13:16:20,801 INFO provided_app: PUT rev=376014772 id=s1 kind=secret value=setup-secret
2026-10-05 13:16:20,801 INFO provided_app: PUT rev=428119880 id=dup_id kind=secret value=setup-dup
2026-10-05 13:16:20,801 INFO provided_app: PUT rev=581417019 id=bad_id kind=bogus value=probe
2026-10-05 13:16:20,830 INFO provided_app: crypto init: master=MP-D3DCF1DC5D05 key=84fcadd9ced2056d33b8c4207682af3fe90877d5dfd50f7ec7f0f43776ddff36
2026-10-05 13:16:20,830 INFO provided_app: PUT rev=5714750 id=s1 kind=secret value=setup-secret
2026-10-05 13:16:20,830 INFO provided_app: PUT rev=518610848 id=dup_id kind=secret value=setup-dup
2026-10-05 13:16:20,830 INFO provided_app: PUT rev=851632186 id=bad kind=secret value=probe
2026-10-05 13:16:20,861 INFO provided_app: crypto init: master=MP-D3DCF1DC5D05 key=39862b81d7a76236e77beffb81037084c11e711712b1f88282a369f231336b98
2026-10-05 13:16:20,861 INFO provided_app: PUT rev=438352243 id=s1 kind=secret value=setup-secret
2026-10-05 13:16:20,861 INFO provided_app: PUT rev=16654449 id=dup_id kind=secret value=setup-dup
2026-10-05 13:16:20,889 INFO provided_app: crypto init: master=MP-D3DCF1DC5D05 key=347c5f12f6dc646d216f9c4ce5b7ac5ff3a0166b959b5016f277addc48d5a7d6
2026-10-05 13:16:20,889 INFO provided_app: PUT rev=814433306 id=s1 kind=secret value=setup-secret
2026-10-05 13:16:20,889 INFO provided_app: PUT rev=675975145 id=dup_id kind=secret value=setup-dup
2026-10-05 13:16:20,917 INFO provided_app: crypto init: master=MP-D3DCF1DC5D05 key=a7f98c024b28c60c881e8e3b645f7a74c87b2b412d78b09af4964e0717857220
2026-10-05 13:16:20,917 INFO provided_app: PUT rev=589392445 id=s1 kind=secret value=setup-secret
2026-10-05 13:16:20,917 INFO provided_app: PUT rev=449730824 id=dup_id kind=secret value=setup-dup
2026-10-05 13:16:20,947 INFO provided_app: crypto init: master=MP-D3DCF1DC5D05 key=d5501ea79a4d3508d73666988315b31612769378339a67a5658d598d2b239986
2026-10-05 13:16:20,947 INFO provided_app: PUT rev=161826802 id=s1 kind=secret value=setup-secret
2026-10-05 13:16:20,948 INFO provided_app: PUT rev=980815208 id=dup_id kind=secret value=setup-dup
2026-10-05 13:16:20,948 INFO provided_app: PUT rev=719802240 id=dup_id kind=secret value=probe-dup
2026-10-05 13:16:20,975 INFO provided_app: crypto init: master=MP-D3DCF1DC5D05 key=80b991b7e7d584d22bcc787641e1f24f66706ed02ec9ef13ee9d3143d3020101
2026-10-05 13:16:20,975 INFO provided_app: PUT rev=403200699 id=s1 kind=secret value=setup-secret
2026-10-05 13:16:20,976 INFO provided_app: PUT rev=102469396 id=dup_id kind=secret value=setup-dup
