### lab_4 run started: 2026-10-05 13:14:54 UTC

== [1/3] Сборка основного образа (g++, python3, MinGW) ==
 Image lab_4:lab4 Building 
#1 [internal] load local bake definitions
#1 reading from stdin 532B done
#1 DONE 0.0s

#2 [internal] load build definition from Dockerfile
#2 transferring dockerfile: 1.19kB done
#2 DONE 0.0s

#3 [internal] load metadata for docker.io/library/debian:bookworm-slim
#3 DONE 0.0s

#4 [internal] load .dockerignore
#4 transferring context: 2B done
#4 DONE 0.0s

#5 [base 1/3] FROM docker.io/library/debian:bookworm-slim
#5 DONE 0.0s

#6 [base 2/3] RUN apt-get update  && apt-get install -y --no-install-recommends         g++         python3         ca-certificates  && rm -rf /var/lib/apt/lists/*
#6 CACHED

#7 [base 3/3] WORKDIR /work
#7 CACHED

#8 [lab4 1/1] RUN apt-get update  && apt-get install -y --no-install-recommends         g++-mingw-w64-x86-64  && rm -rf /var/lib/apt/lists/*
#8 CACHED

#9 exporting to image
#9 exporting layers done
#9 writing image sha256:ee58149cf5f719843b9b30af88baa2e71319e2bab172d2525eda5b41936cd6b1 done
#9 naming to docker.io/library/lab_4:lab4 done
#9 DONE 0.0s

#10 resolving provenance for metadata file
#10 DONE 0.0s
 Image lab_4:lab4 Built 

== [2/3] Демонстрация в контейнере ==
 Container lab_4-lab4-run-196dd0ca396f Creating 
 Container lab_4-lab4-run-196dd0ca396f Created 
=== Сборка C++ программ (контейнер e90f1c060eea, 2026-10-05 13:14:55 UTC) ===
g++ (Debian 12.2.0-14+deb12u1) 12.2.0
build bin/gen_msvc: OK
build bin/gen_own: OK

=== Кросс-компиляция gen_crypt.exe (MinGW, CryptoAPI) ===
x86_64-w64-mingw32-g++ (GCC) 12-win32
build bin/gen_crypt.exe: OK
total 276
-rwxr-xr-x 1 root root 249334 Oct  5 13:14 gen_crypt.exe
-rwxr-xr-x 1 root root  16248 Oct  5 13:14 gen_msvc
-rwxr-xr-x 1 root root  16248 Oct  5 13:14 gen_own
=== Генерация файлов датчиков ===
-- rand() как в MS VS: 20 000 000 младших байтов
OK: wrote 20000000 bytes of MSVC rand() low bytes to demo_output/data/msvc_rand.bin
-- Свой генератор (формула (1) табл. 1): 3 000 000 слов по 4 байта (12 МБ)
OK: wrote 3000000 x 4 bytes (= 12000000 bytes) from generator (1) of Table 1 to demo_output/data/own_gen.bin
-- Эталон /dev/urandom: 1 МБ
-- Архив .zip с исходниками проекта
OK: demo_output/data/archive.zip (10 files, 12753 bytes)
-- Итоговые файлы:
total 32292
-rw-r--r-- 1 root root    12753 Oct  5 13:14 archive.zip
-rw-r--r-- 1 root root 20000000 Oct  5 13:14 msvc_rand.bin
-rw-r--r-- 1 root root 12000000 Oct  5 13:14 own_gen.bin
-rw-r--r-- 1 root root  1048576 Oct  5 13:14 urandom.bin
=== Программа «Expert»: критерий хи-квадрат (256 ст. св.) ===
Программа «Expert»: критерий хи-квадрат, 256 степеней свободы
chi2 = sum (n_i - N/256)^2 / (N/256);  p = Q(128, chi2/2)

Файл                                         Размер,Б           chi2              p  Вердикт
--------------------------------------------------------------------------------------------
msvc_rand.bin                                20000000          29.66        1-1e-16  Последовательность не является случайной
own_gen.bin                                  12000000         242.34       0.720715  Последовательность случайна (тест пройден)
urandom.bin                                   1048576         299.16      0.0329742  Последовательность подозрительна
gen_own                                         16248     2787841.54        <1e-300  Последовательность не является случайной
gen_crypt.exe                                  249334     5726918.95        <1e-300  Последовательность не является случайной
archive.zip                                     12753        2633.40        <1e-300  Последовательность не является случайной
=== Дополнительные простые тесты (частотный, пар байтов, longest run) ===
Файл: msvc_rand.bin
  [1] Частотный тест:          единиц 79997955 / 160000000 бит (49.9987%), p = 0.746436 -> пройден
  [2] Тест пар байтов (65536): chi2 = 20447.14, p = 1-1e-16 -> ПРОВАЛ
  [3] Longest run (M=128):     chi2 = 3.19, p = 0.363917 -> пройден

Файл: own_gen.bin
  [1] Частотный тест:          единиц 47997333 / 96000000 бит (49.9972%), p = 0.586167 -> пройден
  [2] Тест пар байтов (65536): chi2 = 65288.63, p = 0.751597 -> пройден
  [3] Longest run (M=128):     chi2 = 1.47, p = 0.689606 -> пройден

Файл: urandom.bin
  [1] Частотный тест:          единиц 4195766 / 8388608 бит (50.0174%), p = 0.312706 -> пройден
  [2] Тест пар байтов (65536): chi2 = 65811.00, p = 0.222693 -> пройден
  [3] Longest run (M=128):     chi2 = 11.48, p = 0.00939948 -> ПРОВАЛ

summary_table: OK (demo_output/summary_table.md)

== [3/3] Попытка запуска CryptGenRandom под wine (best-effort) ==
#1 [internal] load local bake definitions
#1 reading from stdin 552B done
#1 DONE 0.0s

#2 [internal] load build definition from Dockerfile
#2 transferring dockerfile: 1.19kB done
#2 DONE 0.0s

#3 [internal] load metadata for docker.io/library/debian:bookworm-slim
#3 DONE 0.0s

#4 [internal] load .dockerignore
#4 transferring context: 2B done
#4 DONE 0.0s

#5 [base 1/3] FROM docker.io/library/debian:bookworm-slim
#5 DONE 0.0s

#6 [base 3/3] WORKDIR /work
#6 CACHED

#7 [lab4 1/1] RUN apt-get update  && apt-get install -y --no-install-recommends         g++-mingw-w64-x86-64  && rm -rf /var/lib/apt/lists/*
#7 CACHED

#8 [base 2/3] RUN apt-get update  && apt-get install -y --no-install-recommends         g++         python3         ca-certificates  && rm -rf /var/lib/apt/lists/*
#8 CACHED

#9 [winetest 1/1] RUN apt-get update  && apt-get install -y --no-install-recommends         wine         wine64  && rm -rf /var/lib/apt/lists/*
#9 CACHED

#10 exporting to image
#10 exporting layers done
#10 writing image sha256:137efb39e67afefd497716fa910635cddf3ceba4def3a57a40109f9881547b98 done
#10 naming to docker.io/library/lab_4:winetest
#10 naming to docker.io/library/lab_4:winetest done
#10 DONE 0.0s

#11 resolving provenance for metadata file
#11 DONE 0.0s
 Container lab_4-winetest-run-7dfe6cc30537 Creating 
 Container lab_4-winetest-run-7dfe6cc30537 Created 
=== Запуск gen_crypt.exe (CryptGenRandom) под wine в docker ===
wine: it looks like wine32 is missing, you should install it.
multiarch needs to be enabled first.  as root, please
execute "dpkg --add-architecture i386 && apt-get update &&
apt-get install wine32:i386"
wine-8.0 (Debian 8.0~repack-4)
-- инициализация префикса wine (wineboot)...
wineboot exit: 0
-- запуск: wine bin/gen_crypt.exe crypt_out.bin 1048576 (cwd=demo_output/data)
OK: CryptGenRandom wrote 1048576 bytes to crypt_out.bin
gen_crypt.exe exit code: 0
-- результат:
-rw-r--r-- 1 root root 1048576 Oct  5 13:15 demo_output/data/crypt_out.bin
== crypt_out.bin получен: обновляю таблицы и анализы ==
=== Программа «Expert»: критерий хи-квадрат (256 ст. св.) ===
Программа «Expert»: критерий хи-квадрат, 256 степеней свободы
chi2 = sum (n_i - N/256)^2 / (N/256);  p = Q(128, chi2/2)

Файл                                         Размер,Б           chi2              p  Вердикт
--------------------------------------------------------------------------------------------
msvc_rand.bin                                20000000          29.66        1-1e-16  Последовательность не является случайной
own_gen.bin                                  12000000         242.34       0.720715  Последовательность случайна (тест пройден)
urandom.bin                                   1048576         299.16      0.0329742  Последовательность подозрительна
gen_own                                         16248     2787841.54        <1e-300  Последовательность не является случайной
gen_crypt.exe                                  249334     5726918.95        <1e-300  Последовательность не является случайной
archive.zip                                     12753        2633.40        <1e-300  Последовательность не является случайной
crypt_out.bin                                 1048576         256.59       0.477917  Последовательность случайна (тест пройден)
=== Дополнительные простые тесты (частотный, пар байтов, longest run) ===
Файл: msvc_rand.bin
  [1] Частотный тест:          единиц 79997955 / 160000000 бит (49.9987%), p = 0.746436 -> пройден
  [2] Тест пар байтов (65536): chi2 = 20447.14, p = 1-1e-16 -> ПРОВАЛ
  [3] Longest run (M=128):     chi2 = 3.19, p = 0.363917 -> пройден

Файл: own_gen.bin
  [1] Частотный тест:          единиц 47997333 / 96000000 бит (49.9972%), p = 0.586167 -> пройден
  [2] Тест пар байтов (65536): chi2 = 65288.63, p = 0.751597 -> пройден
  [3] Longest run (M=128):     chi2 = 1.47, p = 0.689606 -> пройден

Файл: urandom.bin
  [1] Частотный тест:          единиц 4195766 / 8388608 бит (50.0174%), p = 0.312706 -> пройден
  [2] Тест пар байтов (65536): chi2 = 65811.00, p = 0.222693 -> пройден
  [3] Longest run (M=128):     chi2 = 11.48, p = 0.00939948 -> ПРОВАЛ

Файл: crypt_out.bin
  [1] Частотный тест:          единиц 4196992 / 8388608 бит (50.0320%), p = 0.0634314 -> пройден
  [2] Тест пар байтов (65536): chi2 = 65709.13, p = 0.314769 -> пройден
  [3] Longest run (M=128):     chi2 = 6.32, p = 0.0971381 -> пройден

summary_table: OK (demo_output/summary_table.md)

== Итоговые файлы demo_output/ ==
demo_output/:
total 44
-rw-r--r-- 1 root root   494 Oct  5 16:14 build.log
-rw-r--r-- 1 root root   765 Oct  5 16:15 cryptgen_wine.txt
drwxrwxr-x 2 ivan ivan  4096 Oct  5 16:15 data
-rw-r--r-- 1 root root  1593 Oct  5 16:15 expert_results.txt
-rw-r--r-- 1 root root  1387 Oct  5 16:15 extra_tests.txt
-rw-r--r-- 1 root root   856 Oct  5 16:14 generate.log
-rw-rw-r-- 1 ivan ivan 10568 Oct  5 16:15 run.log
-rw-r--r-- 1 root root  1538 Oct  5 16:15 summary_table.md
-rw-rw-r-- 1 ivan ivan    61 Oct  5 16:15 wine_build_errors.log

demo_output/data:
total 33316
-rw-r--r-- 1 root root    12753 Oct  5 16:14 archive.zip
-rw-r--r-- 1 root root  1048576 Oct  5 16:15 crypt_out.bin
-rw-r--r-- 1 root root 20000000 Oct  5 16:14 msvc_rand.bin
-rw-r--r-- 1 root root 12000000 Oct  5 16:14 own_gen.bin
-rw-r--r-- 1 root root  1048576 Oct  5 16:14 urandom.bin

### lab_4 run finished: 2026-10-05 13:15:52 UTC
