######################################################################
# Лабораторная работа 2. Аудит защищённости сторонней системы
# Цель: исходники lab_1 (/srv/target, ro) + Dockerfile цели
# Политики: ОС, компоненты и взаимодействие, сеть, конфиденциальность
######################################################################

--- Статические проверки (9) ---
  [PASS] OS-S1: FROM python:3.12-slim; USER non-root
  [PASS] CMP-S1: hashlib.pbkdf2_hmac('sha256', ...) в security.py
  [PASS] CMP-S2: PBKDF2_ITERATIONS = 200000
  [PASS] CMP-S3: соль генерируется os.urandom(16) на пользователя
  [PASS] CMP-S4: DEFAULT_TTL = 1800 c; проверка expires_at при каждом обращении
  [PASS] CMP-S5: в ядре нет паролей-литералов (пароли только параметры функций/env)
  [PASS] NET-S1: сетевые API не найдены (7 файлов проанализировано)
  [PASS] CF-S1: AES-GCM (cryptography), случайный nonce 12 байт на операцию
  [PASS] CF-S2: пароли/ключи в исходниках цели не хранятся

--- Динамические проверки (15): тестовый прогон цели ---
  [PASS] OS-D1: целевое приложение выполнено от uid 10002 (не root)
  [PASS] OS-D2: каталог 0o700; audit.log=0o600, kdf.salt=0o600, records.json=0o600, users.json=0o600
  [PASS] CMP-D1: login(admin, неверный пароль) -> AuthError; сессия не выдана
  [PASS] CMP-D2: 3 пользователей: только salt+hash (64 hex)
  [PASS] CMP-D3: 3 уникальных солей на 3 пользователей
  [PASS] CMP-D4: сессия ttl=1 c истекла; операция по токену -> AccessDenied
  [PASS] CMP-D5: токен после logout отклонён (AccessDenied)
  [PASS] CMP-D6: 13 записей (allow=10, deny=3)
  [PASS] CMP-D7: паролей и содержимого конфиденциальных записей в журнале нет
  [PASS] CMP-D8: 5 некорректных входных данных отклонены управляемо
  [PASS] CF-D1: guest пишет=deny; guest читает чужую конф.=deny; user читает чужую конф.=deny; user читает свою конф.=allow; admin читает чужую конф.=allow; admin правит чужую=allow
  [PASS] CF-D2: конфиденциальных записей-шифротекстов: 2; маркер секрета отсутствует
  [PASS] CF-D3: неконфиденциальные данные хранятся читаемо (разграничение режимов)
  [PASS] CF-D4: ключ и мастер-пароль отсутствуют в файлах данных (ключ только в памяти)
  [PASS] NET-D1: слушателей приложения: 0; единственный слушатель — DNS-инфраструктура Docker 127.0.0.11:46627 (127.0.0.11), сокет не из кода цели

==========================================================================================================================================================================
ИТОГОВАЯ ТАБЛИЦА: проверка / ожидание / факт / вердикт
==========================================================================================================================================================================
Политика     | ID       | Проверка                                   | Ожидание                                 | Факт                                           | Вердикт
--------------------------------------------------------------------------------------------------------------------------------------------------------------------------
ОС           | OS-S1    | Dockerfile: образ зафиксирован, non-root   | FROM без latest, есть USER не-root       | FROM python:3.12-slim; USER non-root           | PASS   
Компоненты   | CMP-S1   | Пароли: PBKDF2-HMAC-SHA256                 | pbkdf2_hmac('sha256') в коде             | hashlib.pbkdf2_hmac('sha256', ...) в security. | PASS   
Компоненты   | CMP-S2   | Стойкость KDF                              | число итераций >= 100000                 | PBKDF2_ITERATIONS = 200000                     | PASS   
Компоненты   | CMP-S3   | Соль криптослучайная                       | os.urandom для соли пароля               | соль генерируется os.urandom(16) на пользовате | PASS   
Компоненты   | CMP-S4   | Сессии: TTL и проверка истечения           | константа TTL 0<TTL<=8ч, сравнение с tim | DEFAULT_TTL = 1800 c; проверка expires_at при  | PASS   
Компоненты   | CMP-S5   | Нет паролей-литералов в ядре               | в security/storage/sessions/audit/servic | в ядре нет паролей-литералов (пароли только па | PASS   
Сеть         | NET-S1   | Нет сетевых API в коде                     | socket/http.server/flask/fastapi/urllib  | сетевые API не найдены (7 файлов проанализиров | PASS   
Данные       | CF-S1    | Конфиденциальные данные: AES-GCM           | AESGCM + случайный nonce 12 байт         | AES-GCM (cryptography), случайный nonce 12 бай | PASS   
Данные       | CF-S2    | Секреты не зашиты в код                    | пароли динамической среды отсутствуют в  | пароли/ключи в исходниках цели не хранятся     | PASS   
ОС           | OS-D1    | Прогон цели без root                       | приложение работает от непривилегированн | целевое приложение выполнено от uid 10002 (не  | PASS   
ОС           | OS-D2    | Права на файлы данных                      | каталог 0700, файлы 0600: нет доступа gr | каталог 0o700; audit.log=0o600, kdf.salt=0o600 | PASS   
Компоненты   | CMP-D1   | Неверный пароль отклоняется                | AuthError, сессия не создаётся           | login(admin, неверный пароль) -> AuthError; се | PASS   
Компоненты   | CMP-D2   | В users.json нет паролей                   | только соль и 64-символьный hex-хэш      | 3 пользователей: только salt+hash (64 hex)     | PASS   
Компоненты   | CMP-D3   | Соли паролей уникальны                     | у каждого пользователя своя соль         | 3 уникальных солей на 3 пользователей          | PASS   
Компоненты   | CMP-D4   | Тайм-аут сессии применяется                | сессия с ttl=1 c недействительна через 1 | сессия ttl=1 c истекла; операция по токену ->  | PASS   
Компоненты   | CMP-D5   | Logout инвалидирует токен                  | операция по токену после logout -> Acces | токен после logout отклонён (AccessDenied)     | PASS   
Компоненты   | CMP-D6   | Аудит фиксирует allow и deny               | в журнале есть и успешные, и отклонённые | 13 записей (allow=10, deny=3)                  | PASS   
Компоненты   | CMP-D7   | Аудит не содержит секретов                 | пароли и содержимое конфиденциальных зап | паролей и содержимого конфиденциальных записей | PASS   
Компоненты   | CMP-D8   | Валидация ввода                            | 5 видов некорректного ввода -> управляем | 5 некорректных входных данных отклонены управл | PASS   
Данные       | CF-D1    | Матрица прав guest/user/admin              | запреты гостю и чужому конф.; разрешения | guest пишет=deny; guest читает чужую конф.=den | PASS   
Данные       | CF-D2    | Конфиденциальные данные зашифрованы на дис | в records.json только шифротекст enc_pay | конфиденциальных записей-шифротекстов: 2; марк | PASS   
Данные       | CF-D3    | Неконфиденциальные хранятся читаемо        | открытый текст присутствует (режимы разл | неконфиденциальные данные хранятся читаемо (ра | PASS   
Данные       | CF-D4    | Ключ шифрования не на диске                | ключ и мастер-пароль отсутствуют в файла | ключ и мастер-пароль отсутствуют в файлах данн | PASS   
Сеть         | NET-D1   | Нет слушателей приложения                  | в /proc/net/tcp* нет LISTEN, кроме DNS-и | слушателей приложения: 0; единственный слушате | PASS   
--------------------------------------------------------------------------------------------------------------------------------------------------------------------------
ИТОГО: PASS=24  FAIL=0  SKIP=0  из 24
